{"ts":"2026-09-17T16:57:13.726Z","level":"info","target":"godwinmix","instance":null,"message":"logs and the session log are here","runtime_dir":".godwinmix"}
{"ts":"2026-09-17T16:57:13.727Z","level":"info","target":"godwinmix_core::mixer","instance":null,"message":"adding source","source":"bars","uri":"test://smpte/…","kind":"test/source","superimposed":false}
{"ts":"2026-09-17T16:57:13.744Z","level":"info","target":"godwinmix_core::mixer","instance":null,"message":"source added","source":"bars","kind":"test/source"}
{"ts":"2026-09-17T16:57:13.744Z","level":"info","target":"godwinmix_core::mixer","instance":null,"message":"aligned source timeline onto the programme","source":"bars","first_on":"audio","offset_ms":17}
{"ts":"2026-09-17T16:57:13.744Z","level":"info","target":"godwinmix_core::mixer","instance":null,"message":"adding source","source":"ball","uri":"test://ball/…","kind":"test/source","superimposed":false}
{"ts":"2026-09-17T16:57:13.757Z","level":"info","target":"godwinmix_core::mixer","instance":null,"message":"source added","source":"ball","kind":"test/source"}
{"ts":"2026-09-17T16:57:13.758Z","level":"info","target":"godwinmix_core::mixer","instance":null,"message":"aligned source timeline onto the programme","source":"ball","first_on":"audio","offset_ms":30}
{"ts":"2026-09-17T16:57:13.758Z","level":"info","target":"godwinmix_core::mixer","instance":null,"message":"took source to program","source":"Some(\"bars\")","at_ms":30}
{"ts":"2026-09-17T16:57:13.758Z","level":"info","target":"godwinmix_core::mixer","instance":null,"message":"mixer running","sources":2,"outputs":0}
{"ts":"2026-09-17T16:57:13.758Z","level":"info","target":"godwinmix::control","instance":null,"message":"control server listening","bind":"127.0.0.1:18111"}
{"ts":"2026-09-17T16:57:14.259Z","level":"info","target":"godwinmix_core::mixer","instance":null,"message":"where this source's first buffers sat on the programme's timeline","source":"bars","why":"first picture","program_running_ms":531,"video_running_ms":"Some(520)","video_behind_ms":"Some(11)","audio_running_ms":"Some(527)","audio_behind_ms":"Some(4)","video_buffers":16,"audio_buffers":52,"vq_buffers":0,"vq_time_ms":0,"aq_buffers":0,"aq_time_ms":0,"page_in":"None","media_in":"None","comp_out":"None","rate_out":"None","mix_out":"None"}
{"ts":"2026-09-17T16:57:14.259Z","level":"info","target":"godwinmix_core::mixer","instance":null,"message":"where this source's first buffers sat on the programme's timeline","source":"ball","why":"first picture","program_running_ms":531,"video_running_ms":"Some(502)","video_behind_ms":"Some(29)","audio_running_ms":"Some(520)","audio_behind_ms":"Some(11)","video_buffers":15,"audio_buffers":50,"vq_buffers":0,"vq_time_ms":0,"aq_buffers":0,"aq_time_ms":0,"page_in":"None","media_in":"None","comp_out":"None","rate_out":"None","mix_out":"None"}
{"ts":"2026-09-17T16:57:19.685Z","level":"info","target":"godwinmix::control::call","instance":null,"trace_id":"05042473b8e16a48df98527590314feb","message":"ok","method":"core.info","elapsed_ms":0,"token":"default"}
{"ts":"2026-09-17T16:57:23.502Z","level":"info","target":"godwinmix::control::call","instance":null,"trace_id":"798e531800080f8982ad7f750b4b927d","message":"ok","method":"scene.create_from","elapsed_ms":0,"token":"default"}
{"ts":"2026-09-17T16:57:28.151Z","level":"info","target":"godwinmix::control::call","instance":null,"trace_id":"5f6cb355e01603a111f632c87db6d72e","message":"ok","method":"scene.preview.set","elapsed_ms":0,"token":"default"}
{"ts":"2026-09-17T16:58:33.178Z","level":"info","target":"godwinmix::control::call","instance":null,"trace_id":"1a8f4b2efb41461b6e4d1b67d24be236","message":"ok","method":"core.status","elapsed_ms":0,"token":"default"}
{"ts":"2026-09-17T16:58:33.179Z","level":"info","target":"godwinmix::control::call","instance":null,"trace_id":"0385b2d2da2b7574bdb9245c164e5d39","message":"ok","method":"scene.create_from","elapsed_ms":0,"token":"default"}
{"ts":"2026-09-17T16:58:33.180Z","level":"info","target":"godwinmix::control::call","instance":null,"trace_id":"d025d6af1d2f1d3efff1140d6b6ebaf7","message":"ok","method":"scene.preview.set","elapsed_ms":0,"token":"default"}
{"ts":"2026-09-17T16:58:33.186Z","level":"info","target":"godwinmix_core::multiview","instance":null,"message":"multiview relaid out","tiles":1,"cols":1,"rows":1}
{"ts":"2026-09-17T16:58:33.193Z","level":"info","target":"godwinmix_core::multiview","instance":null,"message":"multiview relaid out","tiles":2,"cols":2,"rows":1}
{"ts":"2026-09-17T16:58:33.200Z","level":"info","target":"godwinmix_core::multiview","instance":null,"message":"multiview relaid out","tiles":3,"cols":2,"rows":2}
{"ts":"2026-09-17T16:58:33.200Z","level":"info","target":"godwinmix_core::mixer","instance":null,"message":"multiview built for a subscriber","shape":"MultiviewShape { fps: 8, width: 960, height: 540 }"}
{"ts":"2026-09-17T16:58:33.202Z","level":"info","target":"godwinmix_core::multiview::preview","instance":null,"message":"preview compositor built","shape":"PreviewShape { width: 640, height: 360, fps: 8, full: false }"}
{"ts":"2026-09-17T16:58:33.202Z","level":"info","target":"godwinmix_core::multiview","instance":null,"message":"multiview relaid out","tiles":4,"cols":2,"rows":2}
{"ts":"2026-09-17T16:58:33.205Z","level":"info","target":"godwinmix_core::mixer","instance":null,"message":"preview composited for a subscriber","shape":"PreviewShape { width: 640, height: 360, fps: 8, full: false }","items":2}
{"ts":"2026-09-17T16:58:33.205Z","level":"info","target":"godwinmix_core::mixer","instance":null,"message":"preview composited for a subscriber","shape":"PreviewShape { width: 640, height: 360, fps: 8, full: false }","items":2}
{"ts":"2026-09-17T16:58:36.636Z","level":"info","target":"godwinmix_core::multiview","instance":null,"message":"last multiview subscriber left, taking the mosaic down"}
{"ts":"2026-09-17T16:58:49.388Z","level":"info","target":"godwinmix::control::call","instance":null,"trace_id":"de66ffd29de50bc646b9c5fbb33b8447","message":"ok","method":"scene.preview.set","elapsed_ms":0,"token":"default"}
{"ts":"2026-09-17T16:58:58.928Z","level":"info","target":"godwinmix_core::multiview","instance":null,"message":"multiview relaid out","tiles":1,"cols":1,"rows":1}
{"ts":"2026-09-17T16:58:58.935Z","level":"info","target":"godwinmix_core::multiview","instance":null,"message":"multiview relaid out","tiles":2,"cols":2,"rows":1}
{"ts":"2026-09-17T16:58:58.942Z","level":"info","target":"godwinmix_core::multiview","instance":null,"message":"multiview relaid out","tiles":3,"cols":2,"rows":2}
{"ts":"2026-09-17T16:58:58.943Z","level":"info","target":"godwinmix_core::mixer","instance":null,"message":"multiview built for a subscriber","shape":"MultiviewShape { fps: 8, width: 960, height: 540 }"}
{"ts":"2026-09-17T16:58:58.944Z","level":"info","target":"godwinmix_core::multiview::preview","instance":null,"message":"preview compositor built","shape":"PreviewShape { width: 640, height: 360, fps: 8, full: false }"}
{"ts":"2026-09-17T16:58:58.944Z","level":"info","target":"godwinmix_core::multiview","instance":null,"message":"multiview relaid out","tiles":4,"cols":2,"rows":2}
{"ts":"2026-09-17T16:58:58.944Z","level":"info","target":"godwinmix_core::mixer","instance":null,"message":"preview composited for a subscriber","shape":"PreviewShape { width: 640, height: 360, fps: 8, full: false }","items":0}
{"ts":"2026-09-17T16:58:58.944Z","level":"info","target":"godwinmix_core::mixer","instance":null,"message":"preview composited for a subscriber","shape":"PreviewShape { width: 640, height: 360, fps: 8, full: false }","items":0}
{"ts":"2026-09-17T16:59:01.576Z","level":"info","target":"godwinmix_core::multiview","instance":null,"message":"last multiview subscriber left, taking the mosaic down"}
